Using pre-set license
Built from '2021.3/staging' branch; Version is '2021.3.26f1 (a16dc32e0ff2) revision 10579395'; Using compiler version '192829333'; Build Type 'Release'
OS: 'Windows 10  (10.0.19045) 64bit Professional' Language: 'en' Physical Memory: 24502 MB
BatchMode: 1, IsHumanControllingUs: 0, StartBugReporterOnCrash: 0, Is64bit: 1, IsPro: 1

COMMAND LINE ARGUMENTS:
D:\Utils\UnityEditors\2021.3.26f1\Editor\Unity.exe
-adb2
-batchMode
-noUpm
-name
AssetImportWorker0
-projectPath
D:/SELF-Study!/GameDev/MyUnityProj/New folder/GardenOfDreamsTest
-logFile
Logs/AssetImportWorker0.log
-srvPort
63977
Successfully changed project path to: D:/SELF-Study!/GameDev/MyUnityProj/New folder/GardenOfDreamsTest
D:/SELF-Study!/GameDev/MyUnityProj/New folder/GardenOfDreamsTest
[UnityMemory] Configuration Parameters - Can be set up in boot.config
    "memorysetup-bucket-allocator-granularity=16"
    "memorysetup-bucket-allocator-bucket-count=8"
    "memorysetup-bucket-allocator-block-size=33554432"
    "memorysetup-bucket-allocator-block-count=8"
    "memorysetup-main-allocator-block-size=16777216"
    "memorysetup-thread-allocator-block-size=16777216"
    "memorysetup-gfx-main-allocator-block-size=16777216"
    "memorysetup-gfx-thread-allocator-block-size=16777216"
    "memorysetup-cache-allocator-block-size=4194304"
    "memorysetup-typetree-allocator-block-size=2097152"
    "memorysetup-profiler-bucket-allocator-granularity=16"
    "memorysetup-profiler-bucket-allocator-bucket-count=8"
    "memorysetup-profiler-bucket-allocator-block-size=33554432"
    "memorysetup-profiler-bucket-allocator-block-count=8"
    "memorysetup-profiler-allocator-block-size=16777216"
    "memorysetup-profiler-editor-allocator-block-size=1048576"
    "memorysetup-temp-allocator-size-main=16777216"
    "memorysetup-job-temp-allocator-block-size=2097152"
    "memorysetup-job-temp-allocator-block-size-background=1048576"
    "memorysetup-job-temp-allocator-reduction-small-platforms=262144"
    "memorysetup-temp-allocator-size-background-worker=32768"
    "memorysetup-temp-allocator-size-job-worker=262144"
    "memorysetup-temp-allocator-size-preload-manager=33554432"
    "memorysetup-temp-allocator-size-nav-mesh-worker=65536"
    "memorysetup-temp-allocator-size-audio-worker=65536"
    "memorysetup-temp-allocator-size-cloud-worker=32768"
    "memorysetup-temp-allocator-size-gi-baking-worker=262144"
    "memorysetup-temp-allocator-size-gfx=262144"
Player connection [13908] Host "[IP] 192.168.0.6 [Port] 0 [Flags] 2 [Guid] 2967419825 [EditorId] 2967419825 [Version] 1048832 [Id] WindowsEditor(7,DESKTOP-9FGC5VD) [Debug] 1 [PackageName] WindowsEditor [ProjectName] Editor" joined multi-casting on [225.0.0.222:54997]...

Player connection [13908] Host "[IP] 192.168.0.6 [Port] 0 [Flags] 2 [Guid] 2967419825 [EditorId] 2967419825 [Version] 1048832 [Id] WindowsEditor(7,DESKTOP-9FGC5VD) [Debug] 1 [PackageName] WindowsEditor [ProjectName] Editor" joined alternative multi-casting on [225.0.0.222:34997]...

Refreshing native plugins compatible for Editor in 71.30 ms, found 3 plugins.
Preloading 0 native plugins for Editor in 0.00 ms.
Initialize engine version: 2021.3.26f1 (a16dc32e0ff2)
[Subsystems] Discovering subsystems at path D:/Utils/UnityEditors/2021.3.26f1/Editor/Data/Resources/UnitySubsystems
[Subsystems] Discovering subsystems at path D:/SELF-Study!/GameDev/MyUnityProj/New folder/GardenOfDreamsTest/Assets
GfxDevice: creating device client; threaded=0; jobified=0
Direct3D:
    Version:  Direct3D 11.0 [level 11.1]
    Renderer: NVIDIA GeForce GTX 1650 (ID=0x1f0a)
    Vendor:   NVIDIA
    VRAM:     3935 MB
    Driver:   32.0.15.6094
Initialize mono
Mono path[0] = 'D:/Utils/UnityEditors/2021.3.26f1/Editor/Data/Managed'
Mono path[1] = 'D:/Utils/UnityEditors/2021.3.26f1/Editor/Data/MonoBleedingEdge/lib/mono/unityjit-win32'
Mono config path = 'D:/Utils/UnityEditors/2021.3.26f1/Editor/Data/MonoBleedingEdge/etc'
Using monoOptions --debugger-agent=transport=dt_socket,embedding=1,server=y,suspend=n,address=127.0.0.1:56952
Begin MonoManager ReloadAssembly
Registering precompiled unity dll's ...
Register platform support module: D:/Utils/UnityEditors/2021.3.26f1/Editor/Data/PlaybackEngines/AndroidPlayer/UnityEditor.Android.Extensions.dll
Register platform support module: D:/Utils/UnityEditors/2021.3.26f1/Editor/Data/PlaybackEngines/iOSSupport/UnityEditor.iOS.Extensions.dll
Register platform support module: D:/Utils/UnityEditors/2021.3.26f1/Editor/Data/PlaybackEngines/WindowsStandaloneSupport/UnityEditor.WindowsStandalone.Extensions.dll
Registered in 0.002729 seconds.
Native extension for WindowsStandalone target not found
[usbmuxd] Start listen thread
[usbmuxd] Listen thread started
Native extension for iOS target not found
Native extension for Android target not found
Android Extension - Scanning For ADB Devices 153 ms
Refreshing native plugins compatible for Editor in 71.72 ms, found 3 plugins.
Preloading 0 native plugins for Editor in 0.00 ms.
Mono: successfully reloaded assembly
- Completed reload, in  0.774 seconds
Domain Reload Profiling:
	ReloadAssembly (775ms)
		BeginReloadAssembly (71ms)
			ExecutionOrderSort (0ms)
			DisableScriptedObjects (0ms)
			BackupInstance (0ms)
			ReleaseScriptingObjects (0ms)
			CreateAndSetChildDomain (1ms)
		EndReloadAssembly (621ms)
			LoadAssemblies (71ms)
			RebuildTransferFunctionScriptingTraits (0ms)
			SetupTypeCache (108ms)
			ReleaseScriptCaches (0ms)
			RebuildScriptCaches (29ms)
			SetupLoadedEditorAssemblies (442ms)
				LogAssemblyErrors (0ms)
				InitializePlatformSupportModulesInManaged (244ms)
				SetLoadedEditorAssemblies (0ms)
				RefreshPlugins (72ms)
				BeforeProcessingInitializeOnLoad (1ms)
				ProcessInitializeOnLoadAttributes (84ms)
				ProcessInitializeOnLoadMethodAttributes (40ms)
				AfterProcessingInitializeOnLoad (0ms)
				EditorAssembliesLoaded (0ms)
			ExecutionOrderSort2 (0ms)
			AwakeInstancesAfterBackupRestoration (0ms)
Platform modules already initialized, skipping
Registering precompiled user dll's ...
Registered in 0.002167 seconds.
Begin MonoManager ReloadAssembly
Symbol file LoadedFromMemory doesn't match image D:\SELF-Study!\GameDev\MyUnityProj\New folder\GardenOfDreamsTest\Library\PackageCache\com.unity.visualscripting@1.8.0\Editor\VisualScripting.Core\Dependencies\YamlDotNet\Unity.VisualScripting.YamlDotNet.dll
Symbol file LoadedFromMemory doesn't match image D:\SELF-Study!\GameDev\MyUnityProj\New folder\GardenOfDreamsTest\Library\PackageCache\com.unity.visualscripting@1.8.0\Editor\VisualScripting.Core\Dependencies\DotNetZip\Unity.VisualScripting.IonicZip.dll
Native extension for WindowsStandalone target not found
Native extension for iOS target not found
Native extension for Android target not found
Refreshing native plugins compatible for Editor in 0.45 ms, found 3 plugins.
Preloading 0 native plugins for Editor in 0.00 ms.
Mono: successfully reloaded assembly
- Completed reload, in  0.943 seconds
Domain Reload Profiling:
	ReloadAssembly (944ms)
		BeginReloadAssembly (106ms)
			ExecutionOrderSort (0ms)
			DisableScriptedObjects (6ms)
			BackupInstance (0ms)
			ReleaseScriptingObjects (0ms)
			CreateAndSetChildDomain (17ms)
		EndReloadAssembly (745ms)
			LoadAssemblies (74ms)
			RebuildTransferFunctionScriptingTraits (0ms)
			SetupTypeCache (275ms)
			ReleaseScriptCaches (1ms)
			RebuildScriptCaches (46ms)
			SetupLoadedEditorAssemblies (314ms)
				LogAssemblyErrors (0ms)
				InitializePlatformSupportModulesInManaged (25ms)
				SetLoadedEditorAssemblies (0ms)
				RefreshPlugins (1ms)
				BeforeProcessingInitializeOnLoad (69ms)
				ProcessInitializeOnLoadAttributes (195ms)
				ProcessInitializeOnLoadMethodAttributes (21ms)
				AfterProcessingInitializeOnLoad (2ms)
				EditorAssembliesLoaded (0ms)
			ExecutionOrderSort2 (0ms)
			AwakeInstancesAfterBackupRestoration (6ms)
Platform modules already initialized, skipping
========================================================================
Worker process is ready to serve import requests
Launched and connected shader compiler UnityShaderCompiler.exe after 0.03 seconds
Refreshing native plugins compatible for Editor in 0.53 ms, found 3 plugins.
Preloading 0 native plugins for Editor in 0.00 ms.
Unloading 3052 Unused Serialized files (Serialized files now loaded: 0)
Unloading 22 unused Assets / (284.3 KB). Loaded Objects now: 3518.
Memory consumption went from 112.8 MB to 112.5 MB.
Total: 2.864900 ms (FindLiveObjects: 0.346900 ms CreateObjectMapping: 0.271400 ms MarkObjects: 2.171700 ms  DeleteObjects: 0.074000 ms)

AssetImportParameters requested are different than current active one (requested -> active):
  custom:video-decoder-ogg-theora: a1e56fd34408186e4bbccfd4996cb3dc -> 
  custom:container-muxer-webm: aa71ff27fc2769a1b78a27578f13a17b -> 
  custom:container-demuxer-webm: 4f35f7cbe854078d1ac9338744f61a02 -> 
  custom:video-encoder-webm-vp8: eb34c28f22e8b96e1ab97ce403110664 -> 
  custom:audio-encoder-webm-vorbis: bf7c407c2cedff20999df2af8eb42d56 -> 
  custom:framework-win-MediaFoundation: 216162199b28c13a410421893ffa2e32 -> 
  custom:container-demuxer-ogg: 62fdf1f143b41e24485cea50d1cbac27 -> 
  custom:video-decoder-webm-vp8: 9c59270c3fd7afecdb556c50c9e8de78 -> 
  custom:audio-decoder-ogg-vorbis: bf7c407c2cedff20999df2af8eb42d56 -> 
========================================================================
Received Import Request.
  Time since last request: 11249.511412 seconds.
  path: Assets/Materials
  artifactKey: Guid(150f817dfd76c4840bcd63907ae6964c) Importer(815301076,1909f56bfc062723c751e8b465ee728b)
Start importing Assets/Materials using Guid(150f817dfd76c4840bcd63907ae6964c) Importer(815301076,1909f56bfc062723c751e8b465ee728b)  -> (artifact id: '26dd52a4756e5b10ba8da3483ae5e055') in 0.005916 seconds 
========================================================================
Received Import Request.
  Time since last request: 10.636609 seconds.
  path: Assets/Materials/LevelStartMaterial.mat
  artifactKey: Guid(0f1388a77844362479a8422049dfd1b5) Importer(815301076,1909f56bfc062723c751e8b465ee728b)
Start importing Assets/Materials/LevelStartMaterial.mat using Guid(0f1388a77844362479a8422049dfd1b5) Importer(815301076,1909f56bfc062723c751e8b465ee728b)  -> (artifact id: 'd8cc8907beda7984271a69fcc35c975f') in 0.120853 seconds 
========================================================================
Received Import Request.
  Time since last request: 88.884385 seconds.
  path: Assets/Materials/LevelStartMaterial 1.mat
  artifactKey: Guid(6e98c2ad55459bf47883730dd1df6527) Importer(815301076,1909f56bfc062723c751e8b465ee728b)
Start importing Assets/Materials/LevelStartMaterial 1.mat using Guid(6e98c2ad55459bf47883730dd1df6527) Importer(815301076,1909f56bfc062723c751e8b465ee728b)  -> (artifact id: 'a96665ed6010eb27faeed7401dbc3945') in 0.006084 seconds 
========================================================================
Received Import Request.
  Time since last request: 9.926327 seconds.
  path: Assets/Materials/LevelEndMaterial.mat
  artifactKey: Guid(0f1388a77844362479a8422049dfd1b5) Importer(815301076,1909f56bfc062723c751e8b465ee728b)
Start importing Assets/Materials/LevelEndMaterial.mat using Guid(0f1388a77844362479a8422049dfd1b5) Importer(815301076,1909f56bfc062723c751e8b465ee728b)  -> (artifact id: '6d949ae23a4fc6006b1d13a0414e6754') in 0.019159 seconds 
========================================================================
Received Import Request.
  Time since last request: 7.417050 seconds.
  path: Assets/Materials/LevelStartMaterial.mat
  artifactKey: Guid(6e98c2ad55459bf47883730dd1df6527) Importer(815301076,1909f56bfc062723c751e8b465ee728b)
Start importing Assets/Materials/LevelStartMaterial.mat using Guid(6e98c2ad55459bf47883730dd1df6527) Importer(815301076,1909f56bfc062723c751e8b465ee728b)  -> (artifact id: '25d4bdb85c87eea400207817c1a245d2') in 0.017809 seconds 
========================================================================
Received Import Request.
  Time since last request: 54.682079 seconds.
  path: Assets/Materials/LevelEndMaterial.mat
  artifactKey: Guid(0f1388a77844362479a8422049dfd1b5) Importer(815301076,1909f56bfc062723c751e8b465ee728b)
Start importing Assets/Materials/LevelEndMaterial.mat using Guid(0f1388a77844362479a8422049dfd1b5) Importer(815301076,1909f56bfc062723c751e8b465ee728b)  -> (artifact id: 'd797e8a9b15258c2c5180c156a58b95e') in 0.034456 seconds 
========================================================================
Received Import Request.
  Time since last request: 6.413709 seconds.
  path: Assets/Materials/NpcMaterial.mat
  artifactKey: Guid(ad575134181f3af49a5f57d843259039) Importer(815301076,1909f56bfc062723c751e8b465ee728b)
Start importing Assets/Materials/NpcMaterial.mat using Guid(ad575134181f3af49a5f57d843259039) Importer(815301076,1909f56bfc062723c751e8b465ee728b)  -> (artifact id: '14b2c8f30959c18f8d66abdb40c9f754') in 0.020498 seconds 
